<html>
<body>
<pre>
<h1>µVision Build Log</h1>
<h2>Tool Versions:</h2>
IDE-Version: ¶ÃVision V5.14.0.0
Copyright (C) 2015 ARM Ltd and ARM Germany GmbH. All rights reserved.
License Information: Wong Jasper, 616, LIC=----
 
Tool Versions:
Toolchain:       MDK-Lite  Version: 5.14.0.0
Toolchain Path:  d:\Keil_v5\ARM\ARMCC\Bin
C Compiler:      Armcc.exe V5.05 update 1 (build 106)
Assembler:       Armasm.exe V5.05 update 1 (build 106)
Linker/Locator:  ArmLink.exe V5.05 update 1 (build 106)
Library Manager: ArmAr.exe V5.05 update 1 (build 106)
Hex Converter:   FromElf.exe V5.05 update 1 (build 106)
CPU DLL:         SARMCM3.DLL V5.14.0.0
Dialog DLL:      DARMSTM.DLL V1.65.0.0
Target DLL:      STLink\ST-LINKIII-KEIL_SWO.dll V2.0.14.0_KEIL
Dialog DLL:      TARMSTM.DLL V1.64.0.0
 
<h2>Project:</h2>
F:\flight x\codeforbat-0522\codeforbat\bat.uvprojx
Project File Date:  08/16/2015

<h2>Output:</h2>
Build target 'bat'
compiling core_cm3.c...
compiling system_stm32f10x.c...
assembling startup_stm32f10x_md.s...
compiling misc.c...
compiling stm32f10x_gpio.c...
compiling stm32f10x_rcc.c...
compiling stm32f10x_tim.c...
compiling stm32f10x_usart.c...
compiling stm32f10x_i2c.c...
compiling stm32f10x_spi.c...
compiling stm32f10x_pwr.c...
compiling BAT_I2C.c...
compiling BAT_MPU6050.c...
compiling BAT_PID.c...
compiling MahonyAHRS.c...
compiling main.c...
compiling stm32f10x_it.c...
compiling BAT_LPF.c...
compiling BAT_NRF.c...
compiling BAT_TIME_SYSTEM.c...
compiling BAT_REMOTE.c...
Src\BAT_REMOTE.c(23): warning:  #177-D: variable "RX_ADDRESS" was declared but never referenced
  static uint8_t        RX_ADDRESS[RX_ADR_WIDTH] = {0xAA,0xBB,0xCC,0x00,0x01};  //Ω” ’µÿ÷∑      
Src\BAT_REMOTE.c: 1 warning, 0 errors
compiling BAT_AHRS.c...
compiling BAT_CONTROL.c...
compiling BAT_BLE.c...
compiling BAT_PASER.c...
linking...
Program Size: Code=22784 RO-data=332 RW-data=104 ZI-data=2448  
FromELF: creating hex file...
".\Output\Crazepony.axf" - 0 Error(s), 1 Warning(s).

<h2>Collection of Component include folders:</h2>
  F:\flight x\codeforbat-0522\codeforbat\RTE
  d:\Keil_v5\ARM\PACK\Keil\STM32F1xx_DFP\2.0.0

<h2>Collection of Component Files used:</h2>
</pre>
</body>
</html>
